Thu Oct  8 05:06:39 PM UTC 2026
7de52dbf01d01593f070c96ab5f8cd823a0834b5
3.13.16 ('2.4.4', '1.17.1', '1.8.0')
PREFLIGHT OK
confirmatory: 7020 runs, 2 workers
  50/7020
  100/7020
  150/7020
  200/7020
  250/7020
  300/7020
  350/7020
  400/7020
  450/7020
  500/7020
  550/7020
  600/7020
  650/7020
  700/7020
  750/7020
  800/7020
  850/7020
  900/7020
  950/7020
  1000/7020
  1050/7020
  1100/7020
  1150/7020
  1200/7020
  1250/7020
  1300/7020
  1350/7020
  1400/7020
  1450/7020
  1500/7020
  1550/7020
  1600/7020
  1650/7020
  1700/7020
  1750/7020
  1800/7020
  1850/7020
  1900/7020
  1950/7020
  2000/7020
  2050/7020
  2100/7020
  2150/7020
  2200/7020
  2250/7020
  2300/7020
  2350/7020
  2400/7020
  2450/7020
  2500/7020
  2550/7020
  2600/7020
  2650/7020
  2700/7020
  2750/7020
  2800/7020
  2850/7020
  2900/7020
  2950/7020
  3000/7020
  3050/7020
  3100/7020
  3150/7020
  3200/7020
  3250/7020
  3300/7020
  3350/7020
  3400/7020
  3450/7020
  3500/7020
  3550/7020
  3600/7020
  3650/7020
  3700/7020
  3750/7020
  3800/7020
  3850/7020
  3900/7020
  3950/7020
  4000/7020
  4050/7020
  4100/7020
  4150/7020
  4200/7020
  4250/7020
  4300/7020
  4350/7020
  4400/7020
  4450/7020
  4500/7020
  4550/7020
  4600/7020
  4650/7020
  4700/7020
  4750/7020
  4800/7020
  4850/7020
  4900/7020
  4950/7020
  5000/7020
  5050/7020
  5100/7020
  5150/7020
Fri Oct  9 01:20:28 AM UTC 2026
7de52dbf01d01593f070c96ab5f8cd823a0834b5
3.13.16 ('2.4.4', '1.17.1', '1.8.0')
PREFLIGHT OK
confirmatory: 7020 runs, 2 workers
  50/7020
  100/7020
  150/7020
  200/7020
  250/7020
  300/7020
  350/7020
  400/7020
  450/7020
  500/7020
  550/7020
  600/7020
  650/7020
  700/7020
  750/7020
  800/7020
  850/7020
  900/7020
  950/7020
  1000/7020
  1050/7020
  1100/7020
  1150/7020
  1200/7020
  1250/7020
  1300/7020
  1350/7020
  1400/7020
  1450/7020
  1500/7020
  1550/7020
  1600/7020
  1650/7020
  1700/7020
  1750/7020
  1800/7020
  1850/7020
  1900/7020
  1950/7020
  2000/7020
  2050/7020
  2100/7020
  2150/7020
  2200/7020
  2250/7020
  2300/7020
  2350/7020
  2400/7020
  2450/7020
  2500/7020
  2550/7020
  2600/7020
  2650/7020
  2700/7020
  2750/7020
  2800/7020
  2850/7020
  2900/7020
  2950/7020
  3000/7020
  3050/7020
  3100/7020
  3150/7020
  3200/7020
  3250/7020
  3300/7020
  3350/7020
  3400/7020
  3450/7020
  3500/7020
  3550/7020
  3600/7020
  3650/7020
  3700/7020
  3750/7020
  3800/7020
  3850/7020
  3900/7020
  3950/7020
  4000/7020
  4050/7020
  4100/7020
  4150/7020
  4200/7020
  4250/7020
  4300/7020
  4350/7020
  4400/7020
  4450/7020
  4500/7020
  4550/7020
  4600/7020
  4650/7020
  4700/7020
  4750/7020
  4800/7020
  4850/7020
  4900/7020
  4950/7020
  5000/7020
  5050/7020
  5100/7020
  5150/7020
  5200/7020
  5250/7020
  5300/7020
  5350/7020
  5400/7020
  5450/7020
  5500/7020
  5550/7020
  5600/7020
  5650/7020
  5700/7020
  5750/7020
  5800/7020
  5850/7020
  5900/7020
  5950/7020
  6000/7020
  6050/7020
  6100/7020
  6150/7020
  6200/7020
  6250/7020
  6300/7020
  6350/7020
  6400/7020
  6450/7020
  6500/7020
  6550/7020
  6600/7020
  6650/7020
  6700/7020
  6750/7020
  6800/7020
  6850/7020
  6900/7020
  6950/7020
  7000/7020
  7020/7020
all 7020 runs present; manifest written
